[14:10:01] 22 jobs, 22 to run, concurrency 4
[14:10:28] ok   cond-auto-hero  nullxnull  27 s  (01a0e859-e62e-7ab3-9e8f-d12eb76e9ccb)
[14:10:30] ok   cond-auto-treat  nullxnull  29 s  (01a0e859-e62f-7212-a485-fe790a6a4d76)
[14:10:43] ok   cond-frozen-assess  nullxnull  42 s  (01a0e859-e62d-7902-93db-7445b31d4082)
[14:10:58] ok   cond-headache-assess  nullxnull  29 s  (01a0e85a-504b-7713-b442-bcf2c82b0731)
[14:10:58] ok   cond-lbp-assess  nullxnull  28 s  (01a0e85a-563a-79c1-b29f-9ff18408ecf5)
[14:11:12] ok   cond-fibro-hero  nullxnull  71 s  (01a0e859-e628-7770-8fb5-c4693810f524)
[14:11:13] ok   cond-lbp-treat  nullxnull  31 s  (01a0e85a-8914-7532-9ff9-41eb7694e908)
[14:11:27] ok   cond-osteo-treat  nullxnull  29 s  (01a0e85a-c580-79f2-8967-0f73e2ce07cc)
[14:11:30] ok   cond-oa-assess  nullxnull  33 s  (01a0e85a-c239-7c33-ab09-ea65d7adb734)
[14:11:39] ok   cond-plantar-treat  nullxnull  27 s  (01a0e85a-fbea-7bc0-a73b-73a68db63ccc)
[14:11:41] ok   cond-pregnancy-treat  nullxnull  27 s  (01a0e85b-0085-70b3-a018-c06b099717b9)
[14:11:56] ok   cond-disc-treat  nullxnull  29 s  (01a0e85b-3658-7931-9d14-8d07a34ef3da)
[14:11:57] ok   cond-tennis-treat  nullxnull  27 s  (01a0e85b-4274-7a90-a78c-e80478dab39d)
[14:12:06] ok   cond-scoliosis-treat  nullxnull  27 s  (01a0e85b-64d9-78b2-8b93-8b3d5e28987b)
[14:12:09] ok   cond-shoulder-treat  nullxnull  28 s  (01a0e85b-6a35-7563-9780-d0db3493f3a2)
[14:12:25] ok   cond-stress-treat  nullxnull  29 s  (01a0e85b-a7f8-70e2-82b6-d3b67b42efce)
[14:12:26] ok   cond-whiplash-treat  nullxnull  29 s  (01a0e85b-ab19-7e92-96cb-dfb44bccbddc)
[14:12:42] ok   cond-work-treat  nullxnull  37 s  (01a0e85b-cd30-7243-b296-3af85d6afb25)
[14:12:52] ok   svc-pemf-hero  nullxnull  27 s  (01a0e85c-1941-7870-9c98-4a83686c518b)
[14:12:54] ok   svc-fx635-device  nullxnull  45 s  (01a0e85b-d973-7913-ade7-e9083689e977)
[14:12:57] ok   ak-roof  nullxnull  30 s  (01a0e85c-1cb9-76b0-8347-6e800f5a21d9)
[14:13:12] ok   pi-faq-hero  nullxnull  29 s  (01a0e85c-5bd9-75e0-b822-d23861b747cd)
[14:13:12] done: 22 ok, 0 failed
