[14:01:27] 54 jobs, 54 to run, concurrency 4
[14:02:02] ok   cond-auto-hero  nullxnull  27 s  (01a0e852-2c1a-71f1-9af4-bd23b778c094)
[14:02:02] ok   cond-carpal-hero  nullxnull  28 s  (01a0e852-2c1a-71f1-9af4-bd38b79a12d9)
[14:02:03] ok   cond-auto-assess  nullxnull  29 s  (01a0e852-2c1e-7c63-b296-f52481470033)
[14:02:06] ok   cond-auto-treat  nullxnull  31 s  (01a0e852-2c12-7943-9558-d4d1d40935ab)
[14:02:49] ok   cond-fibro-treat  nullxnull  44 s  (01a0e852-a411-7f83-a1ea-8432c9f27bcb)
[14:02:52] ok   cond-fibro-assess  nullxnull  49 s  (01a0e852-9b81-7c20-acd9-2daec68888cf)
[14:02:54] ok   cond-fibro-hero  nullxnull  51 s  (01a0e852-9734-7e71-ab95-3dc16f84f220)
[14:02:57] ok   cond-carpal-assess  nullxnull  56 s  (01a0e852-95b3-72a3-8a21-41f0c3d70e55)
[14:03:18] ok   cond-frozen-hero  nullxnull  29 s  (01a0e853-4fc3-7c13-bcb4-c15d11db8d5f)
[14:03:19] ok   cond-frozen-assess  nullxnull  27 s  (01a0e853-5b39-7073-91a2-acd688935e1f)
[14:03:20] ok   cond-frozen-treat  nullxnull  26 s  (01a0e853-5fe7-7442-b008-b43d93d176b1)
[14:03:26] ok   cond-headache-hero  nullxnull  29 s  (01a0e853-6ee0-7473-978a-b474474ac859)
[14:03:45] ok   cond-headache-assess  nullxnull  27 s  (01a0e853-c015-7ef3-8720-0babf08c03f6)
[14:03:47] ok   cond-lbp-hero  nullxnull  27 s  (01a0e853-c748-7893-b6ad-ff7c8706693f)
[14:03:50] ok   cond-headache-treat  nullxnull  31 s  (01a0e853-c4b7-7e23-a605-ec2d120ca795)
[14:04:14] ok   cond-lbp-assess  nullxnull  48 s  (01a0e853-e022-7a40-b17c-79f78cd762c6)
[14:04:15] ok   cond-lbp-treat  nullxnull  30 s  (01a0e854-281b-73b1-99e5-ae48ef488d21)
[14:04:18] ok   cond-oa-assess  nullxnull  28 s  (01a0e854-3c59-7a52-921d-54d326f6021e)
[14:04:19] ok   cond-oa-hero  nullxnull  33 s  (01a0e854-2ed1-74e3-8c0d-e0d28873f0ae)
[14:04:45] ok   cond-oa-treat  nullxnull  31 s  (01a0e854-9a70-7b11-a815-7c2b08cd459b)
[14:04:46] ok   cond-pinched-hero  nullxnull  27 s  (01a0e854-af42-75b0-9706-200fcf5a814b)
[14:04:49] ok   cond-osteo-treat  nullxnull  31 s  (01a0e854-ab15-7ba3-8f50-65e557c98e54)
[14:04:55] ok   cond-osteo-assess  nullxnull  39 s  (01a0e854-9ea1-7a31-9138-f99ee925f42c)
[14:05:14] ok   cond-pinched-assess  nullxnull  29 s  (01a0e855-14d1-7253-9907-3028a81b0cb9)
[14:05:16] ok   cond-plantar-treat  nullxnull  27 s  (01a0e855-2281-7741-8000-9c4e93137765)
[14:05:19] ok   cond-pinched-treat  nullxnull  33 s  (01a0e855-17de-7d23-9c52-5d3dd7974166)
[14:05:28] ok   cond-pregnancy-treat  nullxnull  33 s  (01a0e855-38a6-7db3-b165-db948225f43f)
[14:05:41] ok   cond-sciatica-treat  nullxnull  27 s  (01a0e855-8631-7621-96f0-d7603e6e0ef4)
[14:05:45] ok   cond-shoulder-assess  nullxnull  26 s  (01a0e855-978a-7012-b383-8ceab9e2931e)
[14:05:49] ok   cond-scoliosis-assess  nullxnull  33 s  (01a0e855-8c0a-79d2-8d44-3f5383a77cfd)
[14:05:59] ok   cond-disc-treat  nullxnull  31 s  (01a0e855-ba39-7123-8ea8-177b8776a321)
[14:06:09] ok   cond-stress-assess  nullxnull  27 s  (01a0e855-ef99-7e41-8fb6-5e671cdfb4ae)
[14:06:12] ok   cond-tennis-treat  nullxnull  26 s  (01a0e855-fe8a-7fc0-b2d2-7983271e44e8)
[14:06:18] ok   cond-neck-treat  nullxnull  29 s  (01a0e856-0b75-7942-a1d0-f5b1f4b8d47d)
[14:06:26] ok   cond-whiplash-assess  nullxnull  27 s  (01a0e856-33c9-7053-afe3-ebae88c0508c)
[14:06:33] ok   cond-work-assess  nullxnull  25 s  (01a0e856-5967-7182-83f4-5ab9de3c2713)
[14:06:41] ok   svc-hub-hero  nullxnull  29 s  (01a0e856-669e-7063-bbd8-1b617bce2501)
[14:06:44] ok   svc-cold-hero  nullxnull  27 s  (01a0e856-7c91-7200-a188-5732e5c2ad3e)
[14:06:51] ok   svc-fx635-device  nullxnull  25 s  (01a0e856-9da4-7572-a3a1-46749a2659ce)
[14:07:00] ok   svc-hormone-thyroid  nullxnull  27 s  (01a0e856-ba3f-7421-ad8e-95393f99c8b0)
[14:07:08] ok   svc-nutrition-consult  nullxnull  27 s  (01a0e856-d7d3-7083-87b6-b8a53142f693)
[14:07:11] ok   svc-pemf-hero  nullxnull  27 s  (01a0e856-e4b0-7c93-ad2e-f162f5036c1a)
[14:07:13] ok   ak-balance  nullxnull  22 s  (01a0e856-fea9-76c3-b02b-4791a303b943)
[14:07:32] ok   ak-roof  nullxnull  31 s  (01a0e857-2384-7fc1-ae04-430bde0e1f02)
[14:07:36] ok   ak-legit-hero  nullxnull  28 s  (01a0e857-4199-7cc1-8aa8-da4586a3738e)
[14:07:39] ok   ak-chain  nullxnull  28 s  (01a0e857-4ccb-7913-a00c-139127e566e5)
[14:07:40] ok   ak-who-imaging  nullxnull  27 s  (01a0e857-5572-7832-be89-fec637102301)
[14:08:01] ok   about-hero  nullxnull  29 s  (01a0e857-9e57-7450-8fa3-848508c0b718)
[14:08:04] ok   about-drvw-learning  nullxnull  28 s  (01a0e857-b08a-76c0-b04c-24588d3db9f2)
[14:08:06] ok   pi-faq-hero  nullxnull  26 s  (01a0e857-bbec-7b21-9dda-88bf125864a3)
[14:08:07] ok   pi-first-hero  nullxnull  27 s  (01a0e857-beb5-7d71-8b07-f686b4244246)
[14:08:31] ok   pi-first-bring  nullxnull  29 s  (01a0e858-117c-73a0-8a7a-8a86958deb14)
[14:08:32] ok   book-hero  nullxnull  26 s  (01a0e858-235f-76d3-a4df-cbd566d76077)
[14:08:35] ok   pi-forms-hero  nullxnull  31 s  (01a0e858-1e43-7760-952e-1eb4b24ef67e)
[14:08:35] done: 54 ok, 0 failed
