[16:48:27] 18 jobs, 18 to run, concurrency 3
[16:48:52] ok   lowback-cinematic-hf-flare  25 s  no fixed quote (metered). Per 1M tokens: text input $5, cached text input $1.25, text output $10; image input $8, cached image input $2, image output $30. Quality defaults to high. Final cost uses actual token usage and standard credit rounding. The initial charge is an estimate reconciled on completion.  (58ed5acf-4f21-4cdf-ba56-10938e0a38dc)
[16:51:15] ok   lowback-cinematic-hf-soulv2  167 s  0.050 credits (~$0.004)  (ae936431-00a8-4ff1-b107-0add87fa203f)
[16:51:32] ok   lowback-cinematic-hf-soul  184 s  3.000 credits (~$0.188)  (e0db1763-898e-46ae-b162-55119d5397a6)
[16:51:37] ok   lowback-overlay-hf-soulv2  22 s  0.050 credits (~$0.004)  (04e88bcc-a65c-436b-9fa5-f25b9d462fb9)
[16:51:59] ok   lowback-overlay-hf-flare  27 s  no fixed quote (metered). Per 1M tokens: text input $5, cached text input $1.25, text output $10; image input $8, cached image input $2, image output $30. Quality defaults to high. Final cost uses actual token usage and standard credit rounding. The initial charge is an estimate reconciled on completion.  (0331492e-dd4c-48da-a05c-b69f5d19a129)
[16:52:37] ok   lowback-overlay-hf-soul  225 s  3.000 credits (~$0.188)  (6a5a4969-4194-457d-99c5-fbb55f687a21)
[16:53:02] ok   lowback-bright-hf-flare  25 s  no fixed quote (metered). Per 1M tokens: text input $5, cached text input $1.25, text output $10; image input $8, cached image input $2, image output $30. Quality defaults to high. Final cost uses actual token usage and standard credit rounding. The initial charge is an estimate reconciled on completion.  (4e929b17-faed-41ef-adb5-dd0d54e82b81)
[16:53:42] ok   lowback-bright-hf-soulv2  103 s  0.050 credits (~$0.004)  (cdd7518e-11b7-4bbe-a7fb-2c17d7919f11)
[16:54:20] ok   mtest-cinematic-hf-soul  78 s  3.000 credits (~$0.188)  (795ad515-567d-499f-a2d6-83c311b729ac)
[16:54:38] ok   mtest-cinematic-hf-soulv2  56 s  0.050 credits (~$0.004)  (b350ae5e-a467-40d5-a69f-197313e63e9b)
[16:54:45] ok   mtest-cinematic-hf-flare  25 s  no fixed quote (metered). Per 1M tokens: text input $5, cached text input $1.25, text output $10; image input $8, cached image input $2, image output $30. Quality defaults to high. Final cost uses actual token usage and standard credit rounding. The initial charge is an estimate reconciled on completion.  (7b8a294c-5a1c-4f88-8f9b-86bd7139b7e2)
[16:55:50] ok   lowback-bright-hf-soul  253 s  3.000 credits (~$0.188)  (b0a8c65f-0099-45e1-ba31-c2b547ce9430)
[16:56:13] ok   mtest-overlay-hf-flare  23 s  no fixed quote (metered). Per 1M tokens: text input $5, cached text input $1.25, text output $10; image input $8, cached image input $2, image output $30. Quality defaults to high. Final cost uses actual token usage and standard credit rounding. The initial charge is an estimate reconciled on completion.  (e1f00229-755b-4799-a13b-c6f435e158ec)
[16:56:23] ok   mtest-overlay-hf-soulv2  98 s  0.050 credits (~$0.004)  (449fb84c-f7d8-4038-bae3-8a801864185c)
[16:57:33] ok   mtest-overlay-hf-soul  175 s  3.000 credits (~$0.188)  (f813e1e1-e789-4c34-91fa-11a658bbb036)
[16:57:58] ok   mtest-bright-hf-flare  25 s  no fixed quote (metered). Per 1M tokens: text input $5, cached text input $1.25, text output $10; image input $8, cached image input $2, image output $30. Quality defaults to high. Final cost uses actual token usage and standard credit rounding. The initial charge is an estimate reconciled on completion.  (e7d4d135-3bc2-40fa-b294-98d2cc368191)
[16:58:38] ok   mtest-bright-hf-soulv2  135 s  0.050 credits (~$0.004)  (ab5219fa-752f-423c-b2ba-74f9d11344d0)
[16:58:40] ok   mtest-bright-hf-soul  148 s  3.000 credits (~$0.188)  (612f9723-59a5-4e51-99d8-d374e94645af)
[16:58:40] done: 18 ok, 0 failed
